Isoleucine.TXT

Created : 2013-02-10
Revised : 2012-02-10
Author : Tom Coleman

M.W. 131
Essential, glucogenic and ketogenic.
% (by Mol) in generic protein : 4.4

Leucine, Isoleucine and Valine are called
branched-chain amino acids (BCAA) because of
tail branching. BCAA's cannot be synthesized
by humans.

    COOH
    |
H2N-CH
    |
    CH2
    |
    CH
   / \
H2C   CH3
  |
  CH3

End